// Jest Snapshot v1, https://goo.gl/fbAQLP

exports[`components/apps_model/AppsFormContainer should match snapshot 1`] = `
<AppsForm
  actions={
    Object {
      "performLookupCall": [Function],
      "refreshOnSelect": [Function],
      "submit": [Function],
    }
  }
  call={
    Object {
      "context": Object {
        "app_id": "app",
        "channel_id": "channel",
        "post_id": "post",
        "team_id": "team",
      },
      "url": "/submit_url",
    }
  }
  emojiMap={
    EmojiMap {
      "customEmojis": Map {},
      "customEmojisArray": Array [],
    }
  }
  form={
    Object {
      "fields": Array [
        Object {
          "name": "field1",
          "source_url": "/dynamic_url",
          "type": "text",
          "value": "initial_value_1",
        },
      ],
      "header": "Form Header",
      "title": "Form Title",
    }
  }
  introductionText="Form Header"
  isEmbedded={false}
  onHide={[Function]}
  state=""
  submitLabel=""
  title="Form Title"
  url="/submit_url"
/>
`;
